../Drivers/CMSIS/Include/core_cm4.h:2064:26:ITM_SendChar	16	static,ignoring_inline_asm
../Core/Src/main.c:68:5:_write	32	static
../Core/Src/main.c:78:6:Delay_us	16	static
../Core/Src/main.c:85:6:Set_Pin_Output	40	static
../Core/Src/main.c:94:6:Set_Pin_Input	40	static
../Core/Src/main.c:103:6:dht22_start	16	static
../Core/Src/main.c:113:9:dht22_begin	24	static
../Core/Src/main.c:132:9:DHT22_Read	24	static
../Core/Src/main.c:158:5:main	24	static
../Core/Src/main.c:264:6:SystemClock_Config	88	static
../Core/Src/main.c:311:13:MX_TIM1_Init	32	static
../Core/Src/main.c:357:13:MX_USART1_UART_Init	8	static
../Core/Src/main.c:390:13:MX_GPIO_Init	40	static
../Core/Src/main.c:425:6:Error_Handler	4	static,ignoring_inline_asm
